apiVersion: cert-manager.io/v1
kind: ClusterIssuer
metadata:
  name: letsencrypt-production
  namespace: kube-system
spec:
  acme:
    email: mock@email.io
    privateKeySecretRef:
      name: letsencrypt-production-key
    server: https://acme-v02.api.letsencrypt.org/directory
    solvers:
    - http01:
        ingress:
          class: nginx

---
apiVersion: cert-manager.io/v1
kind: ClusterIssuer
metadata:
  name: letsencrypt-staging
  namespace: kube-system
spec:
  acme:
    email: mock@email.io
    privateKeySecretRef:
      name: letsencrypt-staging-key
    server: https://acme-staging-v02.api.letsencrypt.org/directory
    solvers:
      - http01:
          ingress:
            class: nginx
